AAA - https://feedogator.com/
AAA - https://github.com/goq/telegram-list
AAA - https://t.me/allgifts - идеи подарков
AAA - https://t.me/buzzim_alerts_bot - monitors all public channels and groups
AAA - https://t.me/chotamreaderbot - Convert web-page to Telegra.ph !
AAA - https://t.me/corsabot - Convert web-page to Telegra.ph !
AAA - https://t.me/lifehacktlgrm - gif лайфхак
AAA - https://t.me/uachannel
AAA - https://tgdr.io/
AAA - https://tlgrm.ru/channels/
AUD
AUD - https://t.me/abookua
AUD - https://t.me/aknigiclub
AUD - https://t.me/amazingbooks - Flibusta
AUD - https://t.me/archivebooks7_24
AUD - https://t.me/audibplus
AUD - https://t.me/audikniga
AUD - https://t.me/audiobook_library
AUD - https://t.me/audiobooks_biz
AUD - https://t.me/audiobooks_lib_ua
AUD - https://t.me/audiobooks_tg
AUD - https://t.me/audiobooksfantastic
AUD - https://t.me/audiobooteka
AUD - https://t.me/audioknigi_channel
AUD - https://t.me/audioknowledge
AUD - https://t.me/audistbrain
AUD - https://t.me/baudiobooks
AUD - https://t.me/bkaudio
AUD - https://t.me/bookai
AUD - https://t.me/books7_24
AUD - https://t.me/bzbook - Бизнес книги
AUD - https://t.me/fairytaledaily
AUD - https://t.me/favvbooks
AUD - https://t.me/free_audiobook
AUD - https://t.me/hcEng
AUD - https://t.me/hcradio - Cherdak
AUD - https://t.me/ibooksmp3
AUD - https://t.me/labfant1 - Аудио фантастика
AUD - https://t.me/libraryaudio
AUD - https://t.me/listenonline
AUD - https://t.me/mir_ak
AUD - https://t.me/tgaudiobooks
AUD - https://t.me/webstorage_audiobooks
BIT
BIT - https://t.me/bzd_channel - бздынь-канал. книги для прогеров
BIT - https://t.me/bzdnbot - бздынь-search!
BIT - https://t.me/creative_personality_archive
BIT - https://t.me/frontbooks
BIT - https://t.me/frontendarchive
BIT - https://t.me/hacckingbook
BIT - https://t.me/it_obrazovach - sysadmin books
BIT - https://t.me/itbook_ru 
BIT - https://t.me/itlibrary
BIT - https://t.me/progbook - prog books
BIT - https://t.me/proglibrary - (y)
BIT - https://t.me/technobooks
BIT - https://t.me/techrocksarchive - techrocks архив книг по программированию
BIT - tg://join?invite=AAAAAEhbsk_VoOQYZww4sQ - @SHERWOOD
BIT - tg://join?invite=AAAAAEi8aNPIQG0Xs1dsMg - бздынь-канал. BackUp channel 2
BUX
BUX - https://t.me/allbooksworld
BUX - https://t.me/amazingbooks - Книги и Аудиокниги Flibusta
BUX - https://t.me/aphotg - Книжная Мудрость
BUX - https://t.me/b_biblioteka
BUX - https://t.me/bfbook
BUX - https://t.me/biblioland
BUX - https://t.me/bolshaya_biblioteka
BUX - https://t.me/boo4you
BUX - https://t.me/book2me
BUX - https://t.me/bookac
BUX - https://t.me/bookcase_library
BUX - https://t.me/booksforuskruz
BUX - https://t.me/boookie_bot
BUX - https://t.me/boookie_bot?start=p88
BUX - https://t.me/c/1321673270/459 - Библиотекарь (1)
BUX - https://t.me/chan4you - Английский Акцент 
BUX - https://t.me/chitarik1 - pirates bux
BUX - https://t.me/code_archive
BUX - https://t.me/e_xlibris - Короткие рассказы
BUX - https://t.me/el_biblioteka
BUX - https://t.me/eng_books
BUX - https://t.me/estet_best - best of movies and books
BUX - https://t.me/everything_is_illuminated
BUX - https://t.me/favbooks
BUX - https://t.me/favvbooks
BUX - https://t.me/fentezibook_s - фэнтези 
BUX - https://t.me/fifty_two_books
BUX - https://t.me/firstbooktg
BUX - https://t.me/flibusta_anglysky - ReadKnigi SHORTEN !
BUX - https://t.me/gavanknig
BUX - https://t.me/gobooks
BUX - https://t.me/gobooks - Книжный Клуб
BUX - https://t.me/goodlib_bot - books bot
BUX - https://t.me/hacckingbook
BUX - https://t.me/hlfiles
BUX - https://t.me/immortalbooks
BUX - https://t.me/inbookwetrust
BUX - https://t.me/itfuture
BUX - https://t.me/joinchat/AAAAAExvNQdXPZBl3DS0ew
BUX - https://t.me/joinchat/AAAAAFaDT1CnYThdxO1BfQ - Тараканы в Твоей Голове
BUX - https://t.me/knigoman3000
BUX - https://t.me/knijky
BUX - https://t.me/librarycafe - Библиотекарь (2)
BUX - https://t.me/loft_live
BUX - https://t.me/mirelektronnihknig
BUX - https://t.me/paliturka — найкращі ebooks українською
BUX - https://t.me/paliturka/227 - ukr.books by ganres
BUX - https://t.me/premieras_books
BUX - https://t.me/psy_tvtg
BUX - https://t.me/readingRobot - bot
BUX - https://t.me/readroom_bot
BUX - https://t.me/run_krd - from litres
BUX - https://t.me/sokobook
BUX - https://t.me/trendbooks 
BUX - https://t.me/ukrlib — книги українською
BUX - https://t.me/vipbookz — о бизнесе, маркетинге и развитии.
BUX - https://t.me/vknige 
BUX - https://t.me/yourmustread
BUX - https://tlgrm.ru/channels/books
BUX - tg://search_hashtag/?hashtag=book
CHT
CHT - https://t.me/devcomanda
CHT - https://t.me/jaanikaelife - Jaanika
CHT - https://t.me/joinchat/Dqrdi1JmLm8L856mDbgKUg - Kottans Front-End
CHT - https://t.me/kottans - Kottans Public
CHT - https://t.me/letstalkaboutkiev
CHT - https://t.me/radio_kottans - Kottans Radio
DEV
DEV - https://t.me/angular_fox - ANGULAR
DEV - https://t.me/azure_digest
DEV - https://t.me/campcode - BookCamp
DEV - https://t.me/codeblog
DEV - https://t.me/csharpovich
DEV - https://t.me/csharpproglib
DEV - https://t.me/dailycoding
DEV - https://t.me/dncuug
DEV - https://t.me/dotnetdaily
DEV - https://t.me/filecamp - BookCamp
DEV - https://t.me/frontend_hranilishche - FE and BE dev books
DEV - https://t.me/girlintech - ukrainian dev-girl about dev. from Austria
DEV - https://t.me/gloacademy_bot
DEV - https://t.me/it_guide
DEV - https://t.me/it_loft - IT-Learning
DEV - https://t.me/itlecture - IT Lectures
DEV - https://t.me/linux_books
DEV - https://t.me/msdevru
DEV - https://t.me/nuancesprog
DEV - https://t.me/prog_hub
DEV - https://t.me/proglibrary
DEV - https://t.me/programmingtip
DEV - https://t.me/techskill
DEV - https://t.me/telegadev/105 - web dev
DEV - https://t.me/thecodemedia - The Code Magazine
DEV - https://t.me/tipaproit
DEV - https://t.me/webb_dev
DEV - https://t.me/webprogrammerdiary
DEV - https://thedevs.network - many channels
ENG
ENG - https://t.me/addenglish - английский необычными и простыми способами.
ENG - https://t.me/amEnglish - improves all of your English skills with daily tips, stories and podcasts!
ENG - https://t.me/begin_english_1 - английский
ENG - https://t.me/eng4beginner
ENG - https://t.me/eng_audio_materials
ENG - https://t.me/eng_audiobooks
ENG - https://t.me/eng_books
ENG - https://t.me/english365ua - a quite useful resource to improve your level.
ENG - https://t.me/english_songs_music_lyrics - the best song lyrics of all time!
ENG - https://t.me/englishdictionaryua — англійська по слову на день
ENG - https://t.me/englishinkyiv
ENG - https://t.me/englishlessons
ENG - https://t.me/essential_vocabulary - vocabulary with meanings and example sentences + audio files with very clear american pronunciation.
ENG - https://t.me/favenglish - Английский 5+
ENG - https://t.me/fiveMinEngGra — 1 грам.тест на день + 1хв пояснення.
ENG - https://t.me/grammarCards - everything related to English Grammar for all levels!
ENG - https://t.me/grammarian - grammar rules | spellings | ...
ENG - https://t.me/hot_eng — прокачай свій нікудишній інгліш
ENG - https://t.me/hot_idioms - an excellent channel to broaden your knowledge of idioms.
ENG - https://t.me/i_love_english_online
ENG - https://t.me/learn_english11
ENG - https://t.me/letstalkaboutkiev
ENG - https://t.me/pimpengua - SUPER Channel !!!
ENG - https://t.me/quote - quotes from famous authors, movies and people. Amazing quotes to bring inspiration, personal growth and love.
ENG - https://t.me/slangWords - english slang words 
ENG - https://t.me/studyEnglishAtHome - английский
ENG - https://t.me/studyOverSeas - учеба в европе
ENG - https://t.me/thinkEnglish
ENG - https://t.me/uaEnglish - English every day.
ENG - https://t.me/vocabulix - learn English with visual vocabulary quickly and effectively.
EVT
EVT - @event_listener_bot
EVT - https://t.me/afficherkyiv
EVT - https://t.me/confainua
EVT - https://t.me/dou_kyiv
EVT - https://t.me/dou_kyiv_events
EVT - https://t.me/events_ua — безкоштовні it-івенти
EVT - https://t.me/eventskyiv — афіша києва українською
EVT - https://t.me/internet_biz_ua — it в україні
EVT - https://t.me/k_l_i_v_e - новини, події, дискусії, фотографії.
EVT - https://t.me/karyhot - k_l_i_v_e - add your own news!
EVT - https://t.me/kyivweek - события, мероприятия, вечеринки, фестивали, шоу, семинары и тренинги.
EVT - https://t.me/tvoyamova — вивчай українську мову щодня.
EVT - https://t.me/ua_events
INF
INF - https://t.me/actual_facts - факты
INF - https://t.me/bbcukrainian - BBC official
INF - https://t.me/deti_vse - Развитие детей
INF - https://t.me/discoverychan - Discovery!
INF - https://t.me/dmytro_dubilet - Dubilet
INF - https://t.me/ezoterika1 - эзотерика
INF - https://t.me/firstinlastout - svit za ochi
INF - https://t.me/funscience - наука от funscience.
INF - https://t.me/godnotech_arch
INF - https://t.me/homosapienz - Amazing body of man
INF - https://t.me/hour25 - авторский канал о продуктивности и об особенностях мозга и всего организма в целом.
INF - https://t.me/imasuccess - манипуляции
INF - https://t.me/iryna_klekit - adult blog
INF - https://t.me/itbroadcast - it рассылка.
INF - https://t.me/joinchat/AAAAAEeJJDc_wFP1Ulglyg - Znatok Info Channel
INF - https://t.me/joinchat/AAAAAEp-ZECo1lsn6JjTMQ - Amazing Ukraine
INF - https://t.me/joinchat/AAAAAFTE4xdhyfpRUgWuTQ - National Geographic
INF - https://t.me/korisno — поради для самовдосконалення
INF - https://t.me/kyiv_Live — Актуальні новини Києва.
INF - https://t.me/lifehuk - крутые лайфхаки
INF - https://t.me/lollaws - ты будешь удивлен!
INF - https://t.me/louise_hay_notes — Психологія, за книгами Луїзи Хей.
INF - https://t.me/makeyourmind — твоя мотивація на кожен день
INF - https://t.me/mathru5 - тренируй ум!
INF - https://t.me/mov_tribunal — поліпшує твою українську мову
INF - https://t.me/poradnyk — твоє життя стане простішим!
INF - https://t.me/portablik - Soft
INF - https://t.me/psitg - Саморазвитие
INF - https://t.me/psyhologya_zhyttya — Популярна та мотиваційна психологія.
INF - https://t.me/slovaua — цитати великих людей
INF - https://t.me/sovety - VERY useful advices
INF - https://t.me/spc_porn - интересная наука
INF - https://t.me/statusq — пополни словарный запас и освой навыки черной риторики. эти фразы заткнут любого противника!
INF - https://t.me/taxincognito — Все про податки.
INF - https://t.me/textbook_ua — факти, які зацікавлять кожного!
INF - https://t.me/to_know_ua — скарбничка відповідей на запитання
INF - https://t.me/tokar_ua — просто — про складне й цікаве
INF - https://t.me/torboxbot - Soft
INF - https://t.me/ua_vd_i_vn — актуальні новини в зручному форматі
INF - https://t.me/wisemanmind - великие слова!
INF - https://t.me/znayvsyo - интересные факты
LIN
LIN - https://t.me/archlinux_ru
LIN - https://t.me/archlinuxchatru
LIN - https://t.me/darklibary
LIN - https://t.me/debianl
LIN - https://t.me/debianproject
LIN - https://t.me/deepinru
LIN - https://t.me/desktop_linux
LIN - https://t.me/destinationlinux
LIN - https://t.me/elementary_os
LIN - https://t.me/fosslinux
LIN - https://t.me/fosspost
LIN - https://t.me/gnome_feed
LIN - https://t.me/gnome_ru
LIN - https://t.me/gnome_rus
LIN - https://t.me/gnomeshell
LIN - https://t.me/gnuslashlinux
LIN - https://t.me/grouplinux
LIN - https://t.me/gtk_news
LIN - https://t.me/i3wm_ru
LIN - https://t.me/itsfoss_official
LIN - https://t.me/joinchat/AAAAAEJIlclCRzYqrMYwNQ - Linux Group
LIN - https://t.me/joinchat/AAAAAEJIlclCRzYqrMYwNQ - thedevs.network linux chat
LIN - https://t.me/joinchat/HYcitEbYSwDAXIchuhpAZw - Termux
LIN - https://t.me/kde_ru
LIN - https://t.me/kde_ru_news
LIN - https://t.me/komYounity
LIN - https://t.me/kubuntu_ru_botfree
LIN - https://t.me/linux_420
LIN - https://t.me/linux_gram
LIN - https://t.me/linux_group
LIN - https://t.me/linux_room
LIN - https://t.me/linux_sup
LIN - https://t.me/linux_wit
LIN - https://t.me/linuxdaily
LIN - https://t.me/linuxgamingru
LIN - https://t.me/linuxgram
LIN - https://t.me/linuxhints
LIN - https://t.me/linuxmagazin
LIN - https://t.me/linuxmania
LIN - https://t.me/linuxmasterclub
LIN - https://t.me/linuxmint_com
LIN - https://t.me/linuxmint_ua
LIN - https://t.me/linuxplz0x41
LIN - https://t.me/linuxru
LIN - https://t.me/linuxscoop
LIN - https://t.me/linuxstalkers
LIN - https://t.me/linuxsucks
LIN - https://t.me/linuxuprising
LIN - https://t.me/lmrus
LIN - https://t.me/losstofficial
LIN - https://t.me/manjarolinux
LIN - https://t.me/mx_linux
LIN - https://t.me/ninetofivelinux
LIN - https://t.me/omgubuntu
LIN - https://t.me/open_source_friend
LIN - https://t.me/opennet_ru
LIN - https://t.me/opensourcefuture
LIN - https://t.me/pingvinus_ru
LIN - https://t.me/plafonwiki
LIN - https://t.me/plafonyoutube
LIN - https://t.me/pro_bash
LIN - https://t.me/pro_kvm
LIN - https://t.me/ru_mint
LIN - https://t.me/ru_systemd
LIN - https://t.me/ru_ubuntu
LIN - https://t.me/ru_zfs
LIN - https://t.me/russianfedora
LIN - https://t.me/system76_news
LIN - https://t.me/tiling_wm_mastery
LIN - https://t.me/toxblh_linux
LIN - https://t.me/ubuntuVK
LIN - https://t.me/ubuntu_group
LIN - https://t.me/ubuntudde
LIN - https://t.me/usefuldesktop
LIN - https://t.me/vfiolinux
LIN - https://t.me/xfce_ru
LIN - https://t.me/xfcedevelopment
LIN - https://t.me/xubuntu_and_others_on_xfce
LIN - https://t.me/xubuntu_runet
LIN - https://t.me/zerobloat
LIN - https://t.me/zshell_ru
MOV
MOV - https://t.me/besthdfilmx
MOV - https://t.me/bestmovles — популярний і цікавий фільм щодня
MOV - https://t.me/cinema_room
MOV - https://t.me/clubuakino - Club Lubyteliv Kino
MOV - https://t.me/comedyTG
MOV - https://t.me/darling_advice - what you should watch.
MOV - https://t.me/estet_best - best of movies and books
MOV - https://t.me/filmarxiv
MOV - https://t.me/filmkahestvo
MOV - https://t.me/filmoclub - simple about movies news.
MOV - https://t.me/filmrustop
MOV - https://t.me/films_radnik
MOV - https://t.me/filmyOnlin
MOV - https://t.me/hd_ki_no
MOV - https://t.me/hdpremium - фильмы hd
MOV - https://t.me/hdrezka — знаменитый онлайн кинотеатр теперь в telegram.
MOV - https://t.me/hochufilm – best movies in authors opinion.
MOV - https://t.me/joinchat/AAAAAE-WlyVv7PTWqkLmBQ - Киноскладочная
MOV - https://t.me/joinchat/AAAAAE3t6ftI3-v3S4ILqg - tv_nks
MOV - https://t.me/joinchat/AAAAAEJAUMlNX9SqMULrWQ - KinoKongHD
MOV - https://t.me/joinchat/AAAAAEozBL_lvIAbeRvOCw - filmrustop
MOV - https://t.me/joinchat/AAAAAFEtyewiUq3nhs3qUQ - Netflix/Movies/english/subtitles
MOV - https://t.me/joinchat/AAAAAFORHvW7Bq_HPFxG-w)
MOV - https://t.me/joinchat/AAAAAFkLR2Ej3NKLYVtQ6Q - Kino HD
MOV - https://t.me/joinchat/SFvrmnGh1zQ3MWJi - Кінокраїна
MOV - https://t.me/kino_novosti — самые топовые и ожидаемые фильмы 2019 года, трейлеры, вырезанные сцены фильмов и новости киноиндустрии!
MOV - https://t.me/kino_pirat
MOV - https://t.me/kino_premyera_hd
MOV - https://t.me/kino_vk
MOV - https://t.me/kinoarhif
MOV - https://t.me/kinokonghd
MOV - https://t.me/kinokraina
MOV - https://t.me/kinokraina2
MOV - https://t.me/kinomanc
MOV - https://t.me/kinonanoch
MOV - https://t.me/kinorut
MOV - https://t.me/kinotr
MOV - https://t.me/letswatchme - daily movies anonses.
MOV - https://t.me/lis_films
MOV - https://t.me/multi_mir - мультфильмы
MOV - https://t.me/nazadv90_e - Ностальгия по 90м!
MOV - https://t.me/netflix_mov1e - Netflix Official
MOV - https://t.me/nowiefilmi
MOV - https://t.me/randomfilms — українською)
MOV - https://t.me/serial_hd
MOV - https://t.me/topserialfilms
MOV - https://t.me/tv_nks
MOV - https://t.me/tvlab - IPTV Freelance
MOV - https://t.me/watchingua
MOV - https://t.me/zarubejVideo
MOV - https://t.me/zolotoy_kinolar
MOV - https://teletype.in/@iptv - IPTV Freelance
MUZ
MUZ - https://t.me/best2020new - новые треки!
MUZ - https://t.me/best_music_2k19 — тільки найкраща музика кожного дня!
MUZ - https://t.me/cawwwali_muz - музыкальные видео
MUZ - https://t.me/clubmusic_2019 - клубные хиты
MUZ - https://t.me/clubmusicpro - клубная музыка
MUZ - https://t.me/dwnmp3bot - - - YOUTUBE MP3 HQ DOWNLOADER
MUZ - https://t.me/enigmatic_music
MUZ - https://t.me/ff_ms - твой плейлист
MUZ - https://t.me/fm102live - новинки и хиты
MUZ - https://t.me/housemusic_hd - bass boom
MUZ - https://t.me/joinchat/AAAAAFIKIcgcR9iMUzK0ew - official music channel of telegram
MUZ - https://t.me/kaif_xmusic - Cлушай и Кайфуй
MUZ - https://t.me/karaoke_singer - песни с текстом
MUZ - https://t.me/moya_muzyka1 - лучшая музыка
MUZ - https://t.me/mp3music_7o_8o_9o
MUZ - https://t.me/music_likee - new music 2018
MUZ - https://t.me/musica_ea7 - танцпол громче
MUZ - https://t.me/musicherebot - muzic searsh !!!
MUZ - https://t.me/musicnices - музыка от души
MUZ - https://t.me/muzkultura - from shelyagina
MUZ - https://t.me/muztubeua — телеграм-музика в mp3 форматі
MUZ - https://t.me/only_muzon - топовые хиты 2019
MUZ - https://t.me/raplirika - rap - лирика 2018
MUZ - https://t.me/relax_track - Бомбовые музоны
MUZ - https://t.me/rootsmusic — сучасна українська музика
MUZ - https://t.me/shakeyourself - Треки в машину
MUZ - https://t.me/songrefbot - songref | music sharing
MUZ - https://t.me/sounding - музыка на мой вкус.
MUZ - https://t.me/spromelody - топ музыка 2018
MUZ - https://t.me/tntmusic_tv - тнт music tv
MUZ - https://t.me/uspa_track - атомные треки
MUZ - https://t.me/vincenza_muz - хиты 2019
TUR
TUR - https://t.me/backpackersua
TUR - https://t.me/cheapflightsukr - дешеві авіаквитки 
TUR - https://t.me/evropa_inside
TUR - https://t.me/hotels24_ua
TUR - https://t.me/kraina_ua — Знижки на тури Україною.
TUR - https://t.me/lifetotravel
TUR - https://t.me/lowcostua
TUR - https://t.me/mandrivnukposvity — твій путівник у світ туризму
TUR - https://t.me/mycheaptrip
TUR - https://t.me/tourinform
TUR - https://t.me/ukrainiantraveler — Поринь у подорожі Україною.
TUR - https://t.me/veter_doit
TUR - https://t.me/zakopejku — авторські бюджетні мандрівки
WOK
WOK - https://t.me/aog_remote
WOK - https://t.me/c/1234137651/58 - sequoia freelance
WOK - https://t.me/csharpdevjob
WOK - https://t.me/djinni_jobs_bot - djinni bot
WOK - https://t.me/djinni_productjobs
WOK - https://t.me/find_offer
WOK - https://t.me/forcsharp
WOK - https://t.me/freelancerinua
WOK - https://t.me/goodjob_ua
WOK - https://t.me/hiddengurus
WOK - https://t.me/incovacancy
WOK - https://t.me/ira_dolphin
WOK - https://t.me/it_jobbot
WOK - https://t.me/it_sobes - АйТи собес
WOK - https://t.me/jal_net_rujia - j.burova it-rex recruit
WOK - https://t.me/jc_it
WOK - https://t.me/joinchat/AAAAAE6O0PW0dJAChttJaQ - C#/.NET vacansies
WOK - https://t.me/joinchat/AAAAAEwpvBXSdptMS2dhkA - join робота. digital
WOK - https://t.me/joinchat/AAAAAFQIzt7Ft7zKLcIg5Q - C#/.NET vacancies
WOK - https://t.me/joinchat/AAAAAFUE3wPaFn83u3uGpw
WOK - https://t.me/joinchat/SqmQs7zcg_hCbVPl
WOK - https://t.me/nastia_hrnetwork
WOK - https://t.me/outjob — робота для українців за кордоном
WOK - https://t.me/outsourcing
WOK - https://t.me/poisk_rabot_kyiv
WOK - https://t.me/rabota_v_kieve1
WOK - https://t.me/relocats
WOK - https://t.me/remote_it_jobs
WOK - https://t.me/remote_vacancies
WOK - https://t.me/remoteit
WOK - https://t.me/remoteitworld
WOK - https://t.me/remotelist
WOK - https://t.me/robbywork_bot
WOK - https://t.me/smapse - Все о жизни и учебе за границей 
WOK - https://t.me/space_job
WOK - https://t.me/spellrise_bot - чат-бот spellrise recruitment
WOK - https://t.me/sredaUa
WOK - https://t.me/theyseeku
WOK - https://t.me/theyseeku_it
WOK - https://t.me/topvakancii
WOK - https://t.me/udlnk_ru
WOK - https://t.me/uitua — Новини, заходи, вакансії в IT.
WOK - https://t.me/ukrjob
WOK - https://t.me/vacancieskiev
WOK - https://t.me/work_it - ua vacancy
WOK - https://t.me/your_new_work - robota ta mozhlybosti
WOK - tg://join?invite=AAAAAEaVgG6QNNjHbttw5w -«Уютный Фриланс» 